// Bun Snapshot v1, https://goo.gl/fbAQLP

exports[`Activity class should run activities 1`] = `
{
  "context": {},
  "output": "output from activity3",
  "success": true,
  "transitions": [
    {
      "from": null,
      "nextInput": "initial input",
      "to": {
        "catch": undefined,
        "fn": [class Function],
        "name": "activity1",
        "then": "activity2",
        "type": "activity",
      },
      "transitionName": "(start)",
    },
    {
      "from": {
        "catch": undefined,
        "fn": [class Function],
        "name": "activity1",
        "then": "activity2",
        "type": "activity",
      },
      "nextInput": "output from activity1",
      "to": {
        "catch": {
          "Timeout": {
            "then": "activity3",
          },
        },
        "fn": [class Function],
        "name": "activity2",
        "then": null,
        "type": "activity",
      },
      "transitionName": "then",
    },
    {
      "from": {
        "catch": {
          "Timeout": {
            "then": "activity3",
          },
        },
        "fn": [class Function],
        "name": "activity2",
        "then": null,
        "type": "activity",
      },
      "nextInput": {
        "error": [Error: Timeout],
        "key": "Timeout",
      },
      "to": {
        "catch": undefined,
        "fn": [class Function],
        "name": "activity3",
        "then": null,
        "type": "activity",
      },
      "transitionName": "Timeout",
    },
    {
      "from": {
        "catch": undefined,
        "fn": [class Function],
        "name": "activity3",
        "then": null,
        "type": "activity",
      },
      "nextInput": "output from activity3",
      "to": null,
      "transitionName": "(end)",
    },
  ],
}
`;
