// Bun Snapshot v1, https://goo.gl/fbAQLP

exports[`toMermaidLiveEdit should generate a URL to edit a mermaid diagram 1`] = `"https://mermaid.live/edit#base64:eyJjb2RlIjoiZmxvd2NoYXJ0IFREXG4gICAgU3RhcnQoKHN0YXJ0KSktLT5cbiAgICBhY3Rpdml0eTEtLT58dGhlbnxhY3Rpdml0eTJcbiAgICBhY3Rpdml0eTEtLT58Y2F0Y2ggdGltZW91dHx0aW1lb3V0X2hhbmRsZXJcbiAgICBhY3Rpdml0eTItLT58dGhlbnxhY3Rpdml0eTNcbiAgICBhY3Rpdml0eTItLT58Y2F0Y2ggdGltZW91dHx0aW1lb3V0X2hhbmRsZXJcbiAgICBhY3Rpdml0eTMtLT5FbmQoKGVuZCkpXG4gICAgdGltZW91dF9oYW5kbGVyLS0+RW5kKChlbmQpKSIsIm1lcm1haWQiOiJ7XCJ0aGVtZVwiOlwiZGFya1wifSIsImF1dG9TeW5jIjp0cnVlLCJyb3VnaCI6ZmFsc2UsInVwZGF0ZURpYWdyYW0iOnRydWV9"`;

exports[`toMermaidPngUrl should generate a URL to a mermaid diagram PNG 1`] = `"https://mermaid.ink/img/base64:eyJjb2RlIjoiZmxvd2NoYXJ0IFREXG4gICAgU3RhcnQoKHN0YXJ0KSktLT5cbiAgICBhY3Rpdml0eTEtLT58dGhlbnxhY3Rpdml0eTJcbiAgICBhY3Rpdml0eTEtLT58Y2F0Y2ggdGltZW91dHx0aW1lb3V0X2hhbmRsZXJcbiAgICBhY3Rpdml0eTItLT58dGhlbnxhY3Rpdml0eTNcbiAgICBhY3Rpdml0eTItLT58Y2F0Y2ggdGltZW91dHx0aW1lb3V0X2hhbmRsZXJcbiAgICBhY3Rpdml0eTMtLT5FbmQoKGVuZCkpXG4gICAgdGltZW91dF9oYW5kbGVyLS0+RW5kKChlbmQpKSIsImF1dG9TeW5jIjp0cnVlLCJyb3VnaCI6ZmFsc2UsInVwZGF0ZURpYWdyYW0iOnRydWV9?type=png"`;
